Starting project at C:\Users\david\Documents\Playground\atlas
Starting Metro Bundler
Waiting on http://localhost:8081
Logs for your project will appear below.
Android node_modules\expo-router\entry.js ░░░░░░░░░░░░░░░░  0.0% (0/1)
Android Bundled 813ms node_modules\expo-router\entry.js (1615 modules)
 ERROR  [Error: Maximum update depth exceeded. This can happen when a component repeatedly calls setState inside componentWillUpdate or componentDidUpdate. React limits the number of nested updates to prevent infinite loops.] 

Call Stack
  getRootForUpdatedFiber (node_modules\react-native\Libraries\Renderer\implementations\ReactFabric-dev.js)
  enqueueConcurrentRenderForLane (node_modules\react-native\Libraries\Renderer\implementations\ReactFabric-dev.js)
  forceStoreRerender (node_modules\react-native\Libraries\Renderer\implementations\ReactFabric-dev.js)
  subscribe$argument_0 (node_modules\react-native\Libraries\Renderer\implementations\ReactFabric-dev.js)
  listeners.forEach$argument_0 (node_modules\@react-navigation\core\lib\module\useSyncState.js)
  forEach (<native>)
  batchUpdates (node_modules\@react-navigation\core\lib\module\useSyncState.js)
  useLatestCallback$argument_0 (node_modules\@react-navigation\core\lib\module\useSyncState.js)
  apply (<native>)
  latestCallback (node_modules\use-latest-callback\lib\src\index.js)
  callCreate.reactStackBottomFrame (node_modules\react-native\Libraries\Renderer\implementations\ReactFabric-dev.js)
  runWithFiberInDEV (node_modules\react-native\Libraries\Renderer\implementations\ReactFabric-dev.js)
  commitHookEffectListMount (node_modules\react-native\Libraries\Renderer\implementations\ReactFabric-dev.js)
  commitHookLayoutEffects (node_modules\react-native\Libraries\Renderer\implementations\ReactFabric-dev.js)
  commitLayoutEffectOnFiber (node_modules\react-native\Libraries\Renderer\implementations\ReactFabric-dev.js)
  recursivelyTraverseLayoutEffects (node_modules\react-native\Libraries\Renderer\implementations\ReactFabric-dev.js)
  commitLayoutEffectOnFiber (node_modules\react-native\Libraries\Renderer\implementations\ReactFabric-dev.js)
  recursivelyTraverseLayoutEffects (node_modules\react-native\Libraries\Renderer\implementations\ReactFabric-dev.js)
  commitLayoutEffectOnFiber (node_modules\react-native\Libraries\Renderer\implementations\ReactFabric-dev.js)
  recursivelyTraverseLayoutEffects (node_modules\react-native\Libraries\Renderer\implementations\ReactFabric-dev.js)
  commitLayoutEffectOnFiber (node_modules\react-native\Libraries\Renderer\implementations\ReactFabric-dev.js)
  recursivelyTraverseLayoutEffects (node_modules\react-native\Libraries\Renderer\implementations\ReactFabric-dev.js)
  commitLayoutEffectOnFiber (node_modules\react-native\Libraries\Renderer\implementations\ReactFabric-dev.js)
  recursivelyTraverseLayoutEffects (node_modules\react-native\Libraries\Renderer\implementations\ReactFabric-dev.js)
  commitLayoutEffectOnFiber (node_modules\react-native\Libraries\Renderer\implementations\ReactFabric-dev.js)
  recursivelyTraverseLayoutEffects (node_modules\react-native\Libraries\Renderer\implementations\ReactFabric-dev.js)
  commitLayoutEffectOnFiber (node_modules\react-native\Libraries\Renderer\implementations\ReactFabric-dev.js)
  recursivelyTraverseLayoutEffects (node_modules\react-native\Libraries\Renderer\implementations\ReactFabric-dev.js)
  commitLayoutEffectOnFiber (node_modules\react-native\Libraries\Renderer\implementations\ReactFabric-dev.js)
  recursivelyTraverseLayoutEffects (node_modules\react-native\Libraries\Renderer\implementations\ReactFabric-dev.js)
  commitLayoutEffectOnFiber (node_modules\react-native\Libraries\Renderer\implementations\ReactFabric-dev.js)
  recursivelyTraverseLayoutEffects (node_modules\react-native\Libraries\Renderer\implementations\ReactFabric-dev.js)
  commitLayoutEffectOnFiber (node_modules\react-native\Libraries\Renderer\implementations\ReactFabric-dev.js)
  recursivelyTraverseLayoutEffects (node_modules\react-native\Libraries\Renderer\implementations\ReactFabric-dev.js)
  commitLayoutEffectOnFiber (node_modules\react-native\Libraries\Renderer\implementations\ReactFabric-dev.js)
  recursivelyTraverseLayoutEffects (node_modules\react-native\Libraries\Renderer\implementations\ReactFabric-dev.js)
  commitLayoutEffectOnFiber (node_modules\react-native\Libraries\Renderer\implementations\ReactFabric-dev.js)
  recursivelyTraverseLayoutEffects (node_modules\react-native\Libraries\Renderer\implementations\ReactFabric-dev.js)
  commitLayoutEffectOnFiber (node_modules\react-native\Libraries\Renderer\implementations\ReactFabric-dev.js)
  recursivelyTraverseLayoutEffects (node_modules\react-native\Libraries\Renderer\implementations\ReactFabric-dev.js)
  commitLayoutEffectOnFiber (node_modules\react-native\Libraries\Renderer\implementations\ReactFabric-dev.js)
  recursivelyTraverseLayoutEffects (node_modules\react-native\Libraries\Renderer\implementations\ReactFabric-dev.js)
  commitLayoutEffectOnFiber (node_modules\react-native\Libraries\Renderer\implementations\ReactFabric-dev.js)
  recursivelyTraverseLayoutEffects (node_modules\react-native\Libraries\Renderer\implementations\ReactFabric-dev.js)
  commitLayoutEffectOnFiber (node_modules\react-native\Libraries\Renderer\implementations\ReactFabric-dev.js)
  recursivelyTraverseLayoutEffects (node_modules\react-native\Libraries\Renderer\implementations\ReactFabric-dev.js)
  commitLayoutEffectOnFiber (node_modules\react-native\Libraries\Renderer\implementations\ReactFabric-dev.js)
  recursivelyTraverseLayoutEffects (node_modules\react-native\Libraries\Renderer\implementations\ReactFabric-dev.js)
  commitLayoutEffectOnFiber (node_modules\react-native\Libraries\Renderer\implementations\ReactFabric-dev.js)
  recursivelyTraverseLayoutEffects (node_modules\react-native\Libraries\Renderer\implementations\ReactFabric-dev.js)
  recursivelyTraverseLayoutEffects (node_modules\react-native\Libraries\Renderer\implementations\ReactFabric-dev.js)
  commitLayoutEffectOnFiber (node_modules\react-native\Libraries\Renderer\implementations\ReactFabric-dev.js)
  recursivelyTraverseLayoutEffects (node_modules\react-native\Libraries\Renderer\implementations\ReactFabric-dev.js)
  commitLayoutEffectOnFiber (node_modules\react-native\Libraries\Renderer\implementations\ReactFabric-dev.js)
  recursivelyTraverseLayoutEffects (node_modules\react-native\Libraries\Renderer\implementations\ReactFabric-dev.js)
  commitLayoutEffectOnFiber (node_modules\react-native\Libraries\Renderer\implementations\ReactFabric-dev.js)
  recursivelyTraverseLayoutEffects (node_modules\react-native\Libraries\Renderer\implementations\ReactFabric-dev.js)
  commitLayoutEffectOnFiber (node_modules\react-native\Libraries\Renderer\implementations\ReactFabric-dev.js)
  recursivelyTraverseLayoutEffects (node_modules\react-native\Libraries\Renderer\implementations\ReactFabric-dev.js)
  commitLayoutEffectOnFiber (node_modules\react-native\Libraries\Renderer\implementations\ReactFabric-dev.js)
  recursivelyTraverseLayoutEffects (node_modules\react-native\Libraries\Renderer\implementations\ReactFabric-dev.js)
  commitLayoutEffectOnFiber (node_modules\react-native\Libraries\Renderer\implementations\ReactFabric-dev.js)
  recursivelyTraverseLayoutEffects (node_modules\react-native\Libraries\Renderer\implementations\ReactFabric-dev.js)
  commitLayoutEffectOnFiber (node_modules\react-native\Libraries\Renderer\implementations\ReactFabric-dev.js)
  recursivelyTraverseLayoutEffects (node_modules\react-native\Libraries\Renderer\implementations\ReactFabric-dev.js)
  commitLayoutEffectOnFiber (node_modules\react-native\Libraries\Renderer\implementations\ReactFabric-dev.js)
  recursivelyTraverseLayoutEffects (node_modules\react-native\Libraries\Renderer\implementations\ReactFabric-dev.js)
  commitLayoutEffectOnFiber (node_modules\react-native\Libraries\Renderer\implementations\ReactFabric-dev.js)
  recursivelyTraverseLayoutEffects (node_modules\react-native\Libraries\Renderer\implementations\ReactFabric-dev.js)
  commitLayoutEffectOnFiber (node_modules\react-native\Libraries\Renderer\implementations\ReactFabric-dev.js)
  recursivelyTraverseLayoutEffects (node_modules\react-native\Libraries\Renderer\implementations\ReactFabric-dev.js)
  commitLayoutEffectOnFiber (node_modules\react-native\Libraries\Renderer\implementations\ReactFabric-dev.js)
  recursivelyTraverseLayoutEffects (node_modules\react-native\Libraries\Renderer\implementations\ReactFabric-dev.js)
  commitLayoutEffectOnFiber (node_modules\react-native\Libraries\Renderer\implementations\ReactFabric-dev.js)
  recursivelyTraverseLayoutEffects (node_modules\react-native\Libraries\Renderer\implementations\ReactFabric-dev.js)
  commitLayoutEffectOnFiber (node_modules\react-native\Libraries\Renderer\implementations\ReactFabric-dev.js)
  recursivelyTraverseLayoutEffects (node_modules\react-native\Libraries\Renderer\implementations\ReactFabric-dev.js)
  commitLayoutEffectOnFiber (node_modules\react-native\Libraries\Renderer\implementations\ReactFabric-dev.js)
  recursivelyTraverseLayoutEffects (node_modules\react-native\Libraries\Renderer\implementations\ReactFabric-dev.js)
  commitLayoutEffectOnFiber (node_modules\react-native\Libraries\Renderer\implementations\ReactFabric-dev.js)
  recursivelyTraverseLayoutEffects (node_modules\react-native\Libraries\Renderer\implementations\ReactFabric-dev.js)
  commitLayoutEffectOnFiber (node_modules\react-native\Libraries\Renderer\implementations\ReactFabric-dev.js)
  recursivelyTraverseLayoutEffects (node_modules\react-native\Libraries\Renderer\implementations\ReactFabric-dev.js)
  commitLayoutEffectOnFiber (node_modules\react-native\Libraries\Renderer\implementations\ReactFabric-dev.js)
  recursivelyTraverseLayoutEffects (node_modules\react-native\Libraries\Renderer\implementations\ReactFabric-dev.js)
  commitLayoutEffectOnFiber (node_modules\react-native\Libraries\Renderer\implementations\ReactFabric-dev.js)
  recursivelyTraverseLayoutEffects (node_modules\react-native\Libraries\Renderer\implementations\ReactFabric-dev.js)
  commitLayoutEffectOnFiber (node_modules\react-native\Libraries\Renderer\implementations\ReactFabric-dev.js)
  recursivelyTraverseLayoutEffects (node_modules\react-native\Libraries\Renderer\implementations\ReactFabric-dev.js)
  commitLayoutEffectOnFiber (node_modules\react-native\Libraries\Renderer\implementations\ReactFabric-dev.js)
  recursivelyTraverseLayoutEffects (node_modules\react-native\Libraries\Renderer\implementations\ReactFabric-dev.js)
  commitLayoutEffectOnFiber (node_modules\react-native\Libraries\Renderer\implementations\ReactFabric-dev.js)
  flushLayoutEffects (node_modules\react-native\Libraries\Renderer\implementations\ReactFabric-dev.js)
  commitRoot (node_modules\react-native\Libraries\Renderer\implementations\ReactFabric-dev.js)
  commitRootWhenReady (node_modules\react-native\Libraries\Renderer\implementations\ReactFabric-dev.js)
  performWorkOnRoot (node_modules\react-native\Libraries\Renderer\implementations\ReactFabric-dev.js)
  performSyncWorkOnRoot (node_modules\react-native\Libraries\Renderer\implementations\ReactFabric-dev.js)
  flushSyncWorkAcrossRoots_impl (node_modules\react-native\Libraries\Renderer\implementations\ReactFabric-dev.js)
  flushPassiveEffects (node_modules\react-native\Libraries\Renderer\implementations\ReactFabric-dev.js)
  scheduleCallback$argument_1 (node_modules\react-native\Libraries\Renderer\implementations\ReactFabric-dev.js) 

Call Stack
  <anonymous> (node_modules\expo-router\build\layouts\withLayoutContext.js)
  Object.assign$argument_0 (node_modules\expo-router\build\layouts\StackClient.js)
  RootLayout (app\_layout.tsx)
  BaseRoute (node_modules\expo-router\build\useScreens.js)
  SceneView (node_modules\@react-navigation\core\lib\module\SceneView.js)
  render (node_modules\@react-navigation\core\lib\module\useDescriptors.js)
  routes.reduce$argument_0 (node_modules\@react-navigation\core\lib\module\useDescriptors.js)
  reduce (<native>)
  useDescriptors (node_modules\@react-navigation\core\lib\module\useDescriptors.js)
  useNavigationBuilder (node_modules\@react-navigation\core\lib\module\useNavigationBuilder.js)
  Content (node_modules\expo-router\build\ExpoRoot.js)
  ContextNavigator (node_modules\expo-router\build\ExpoRoot.js)
  ExpoRoot (node_modules\expo-router\build\ExpoRoot.js)
  App (node_modules\expo-router\build\qualified-entry.js)
  WithDevTools (node_modules\expo\src\launch\withDevTools.tsx)
 ERROR  [Error: Maximum update depth exceeded. This can happen when a component repeatedly calls setState inside componentWillUpdate or componentDidUpdate. React limits the number of nested updates to prevent infinite loops.] 

Call Stack
  getRootForUpdatedFiber (node_modules\react-native\Libraries\Renderer\implementations\ReactFabric-dev.js)
  enqueueConcurrentRenderForLane (node_modules\react-native\Libraries\Renderer\implementations\ReactFabric-dev.js)
  forceStoreRerender (node_modules\react-native\Libraries\Renderer\implementations\ReactFabric-dev.js)
  subscribe$argument_0 (node_modules\react-native\Libraries\Renderer\implementations\ReactFabric-dev.js)
  useLatestCallback$argument_0 (node_modules\@react-navigation\core\lib\module\useSyncState.js)
  forEach (<native>)
  useLatestCallback$argument_0 (node_modules\@react-navigation\core\lib\module\useSyncState.js)
  anonymous (http:\10.0.2.2:8081\node_modules\expo-router\entry.bundle)
  apply (<native>)
  state.routes.forEach$argument_0 (node_modules\@react-navigation\core\lib\module\checkDuplicateRouteNames.js)
  callCreate.reactStackBottomFrame (node_modules\react-native\Libraries\Renderer\implementations\ReactFabric-dev.js)
  runWithFiberInDEV (node_modules\react-native\Libraries\Renderer\implementations\ReactFabric-dev.js)
  commitHookEffectListMount (node_modules\react-native\Libraries\Renderer\implementations\ReactFabric-dev.js)
  commitHookLayoutEffects (node_modules\react-native\Libraries\Renderer\implementations\ReactFabric-dev.js)
  commitLayoutEffectOnFiber (node_modules\react-native\Libraries\Renderer\implementations\ReactFabric-dev.js)
  recursivelyTraverseLayoutEffects (node_modules\react-native\Libraries\Renderer\implementations\ReactFabric-dev.js)
  commitLayoutEffectOnFiber (node_modules\react-native\Libraries\Renderer\implementations\ReactFabric-dev.js)
  recursivelyTraverseLayoutEffects (node_modules\react-native\Libraries\Renderer\implementations\ReactFabric-dev.js)
  commitLayoutEffectOnFiber (node_modules\react-native\Libraries\Renderer\implementations\ReactFabric-dev.js)
  recursivelyTraverseLayoutEffects (node_modules\react-native\Libraries\Renderer\implementations\ReactFabric-dev.js)
  commitLayoutEffectOnFiber (node_modules\react-native\Libraries\Renderer\implementations\ReactFabric-dev.js)
  recursivelyTraverseLayoutEffects (node_modules\react-native\Libraries\Renderer\implementations\ReactFabric-dev.js)
  commitLayoutEffectOnFiber (node_modules\react-native\Libraries\Renderer\implementations\ReactFabric-dev.js)
  recursivelyTraverseLayoutEffects (node_modules\react-native\Libraries\Renderer\implementations\ReactFabric-dev.js)
  commitLayoutEffectOnFiber (node_modules\react-native\Libraries\Renderer\implementations\ReactFabric-dev.js)
  recursivelyTraverseLayoutEffects (node_modules\react-native\Libraries\Renderer\implementations\ReactFabric-dev.js)
  commitLayoutEffectOnFiber (node_modules\react-native\Libraries\Renderer\implementations\ReactFabric-dev.js)
  recursivelyTraverseLayoutEffects (node_modules\react-native\Libraries\Renderer\implementations\ReactFabric-dev.js)
  commitLayoutEffectOnFiber (node_modules\react-native\Libraries\Renderer\implementations\ReactFabric-dev.js)
  recursivelyTraverseLayoutEffects (node_modules\react-native\Libraries\Renderer\implementations\ReactFabric-dev.js)
  commitLayoutEffectOnFiber (node_modules\react-native\Libraries\Renderer\implementations\ReactFabric-dev.js)
  recursivelyTraverseLayoutEffects (node_modules\react-native\Libraries\Renderer\implementations\ReactFabric-dev.js)
  commitLayoutEffectOnFiber (node_modules\react-native\Libraries\Renderer\implementations\ReactFabric-dev.js)
  recursivelyTraverseLayoutEffects (node_modules\react-native\Libraries\Renderer\implementations\ReactFabric-dev.js)
  commitLayoutEffectOnFiber (node_modules\react-native\Libraries\Renderer\implementations\ReactFabric-dev.js)
  recursivelyTraverseLayoutEffects (node_modules\react-native\Libraries\Renderer\implementations\ReactFabric-dev.js)
  commitLayoutEffectOnFiber (node_modules\react-native\Libraries\Renderer\implementations\ReactFabric-dev.js)
  recursivelyTraverseLayoutEffects (node_modules\react-native\Libraries\Renderer\implementations\ReactFabric-dev.js)
  commitLayoutEffectOnFiber (node_modules\react-native\Libraries\Renderer\implementations\ReactFabric-dev.js)
  recursivelyTraverseLayoutEffects (node_modules\react-native\Libraries\Renderer\implementations\ReactFabric-dev.js)
  commitLayoutEffectOnFiber (node_modules\react-native\Libraries\Renderer\implementations\ReactFabric-dev.js)
  recursivelyTraverseLayoutEffects (node_modules\react-native\Libraries\Renderer\implementations\ReactFabric-dev.js)
  commitLayoutEffectOnFiber (node_modules\react-native\Libraries\Renderer\implementations\ReactFabric-dev.js)
  recursivelyTraverseLayoutEffects (node_modules\react-native\Libraries\Renderer\implementations\ReactFabric-dev.js)
  commitLayoutEffectOnFiber (node_modules\react-native\Libraries\Renderer\implementations\ReactFabric-dev.js)
  recursivelyTraverseLayoutEffects (node_modules\react-native\Libraries\Renderer\implementations\ReactFabric-dev.js)
  commitLayoutEffectOnFiber (node_modules\react-native\Libraries\Renderer\implementations\ReactFabric-dev.js)
  recursivelyTraverseLayoutEffects (node_modules\react-native\Libraries\Renderer\implementations\ReactFabric-dev.js)
  commitLayoutEffectOnFiber (node_modules\react-native\Libraries\Renderer\implementations\ReactFabric-dev.js)
  recursivelyTraverseLayoutEffects (node_modules\react-native\Libraries\Renderer\implementations\ReactFabric-dev.js)
  recursivelyTraverseLayoutEffects (node_modules\react-native\Libraries\Renderer\implementations\ReactFabric-dev.js)
  commitLayoutEffectOnFiber (node_modules\react-native\Libraries\Renderer\implementations\ReactFabric-dev.js)
  recursivelyTraverseLayoutEffects (node_modules\react-native\Libraries\Renderer\implementations\ReactFabric-dev.js)
  commitLayoutEffectOnFiber (node_modules\react-native\Libraries\Renderer\implementations\ReactFabric-dev.js)
  recursivelyTraverseLayoutEffects (node_modules\react-native\Libraries\Renderer\implementations\ReactFabric-dev.js)
  commitLayoutEffectOnFiber (node_modules\react-native\Libraries\Renderer\implementations\ReactFabric-dev.js)
  recursivelyTraverseLayoutEffects (node_modules\react-native\Libraries\Renderer\implementations\ReactFabric-dev.js)
  commitLayoutEffectOnFiber (node_modules\react-native\Libraries\Renderer\implementations\ReactFabric-dev.js)
  recursivelyTraverseLayoutEffects (node_modules\react-native\Libraries\Renderer\implementations\ReactFabric-dev.js)
  commitLayoutEffectOnFiber (node_modules\react-native\Libraries\Renderer\implementations\ReactFabric-dev.js)
  recursivelyTraverseLayoutEffects (node_modules\react-native\Libraries\Renderer\implementations\ReactFabric-dev.js)
  commitLayoutEffectOnFiber (node_modules\react-native\Libraries\Renderer\implementations\ReactFabric-dev.js)
  recursivelyTraverseLayoutEffects (node_modules\react-native\Libraries\Renderer\implementations\ReactFabric-dev.js)
  commitLayoutEffectOnFiber (node_modules\react-native\Libraries\Renderer\implementations\ReactFabric-dev.js)
  recursivelyTraverseLayoutEffects (node_modules\react-native\Libraries\Renderer\implementations\ReactFabric-dev.js)
  commitLayoutEffectOnFiber (node_modules\react-native\Libraries\Renderer\implementations\ReactFabric-dev.js)
  recursivelyTraverseLayoutEffects (node_modules\react-native\Libraries\Renderer\implementations\ReactFabric-dev.js)
  commitLayoutEffectOnFiber (node_modules\react-native\Libraries\Renderer\implementations\ReactFabric-dev.js)
  recursivelyTraverseLayoutEffects (node_modules\react-native\Libraries\Renderer\implementations\ReactFabric-dev.js)
  commitLayoutEffectOnFiber (node_modules\react-native\Libraries\Renderer\implementations\ReactFabric-dev.js)
  recursivelyTraverseLayoutEffects (node_modules\react-native\Libraries\Renderer\implementations\ReactFabric-dev.js)
  commitLayoutEffectOnFiber (node_modules\react-native\Libraries\Renderer\implementations\ReactFabric-dev.js)
  recursivelyTraverseLayoutEffects (node_modules\react-native\Libraries\Renderer\implementations\ReactFabric-dev.js)
  commitLayoutEffectOnFiber (node_modules\react-native\Libraries\Renderer\implementations\ReactFabric-dev.js)
  recursivelyTraverseLayoutEffects (node_modules\react-native\Libraries\Renderer\implementations\ReactFabric-dev.js)
  commitLayoutEffectOnFiber (node_modules\react-native\Libraries\Renderer\implementations\ReactFabric-dev.js)
  recursivelyTraverseLayoutEffects (node_modules\react-native\Libraries\Renderer\implementations\ReactFabric-dev.js)
  commitLayoutEffectOnFiber (node_modules\react-native\Libraries\Renderer\implementations\ReactFabric-dev.js)
  recursivelyTraverseLayoutEffects (node_modules\react-native\Libraries\Renderer\implementations\ReactFabric-dev.js)
  commitLayoutEffectOnFiber (node_modules\react-native\Libraries\Renderer\implementations\ReactFabric-dev.js)
  recursivelyTraverseLayoutEffects (node_modules\react-native\Libraries\Renderer\implementations\ReactFabric-dev.js)
  commitLayoutEffectOnFiber (node_modules\react-native\Libraries\Renderer\implementations\ReactFabric-dev.js)
  recursivelyTraverseLayoutEffects (node_modules\react-native\Libraries\Renderer\implementations\ReactFabric-dev.js)
  commitLayoutEffectOnFiber (node_modules\react-native\Libraries\Renderer\implementations\ReactFabric-dev.js)
  recursivelyTraverseLayoutEffects (node_modules\react-native\Libraries\Renderer\implementations\ReactFabric-dev.js)
  commitLayoutEffectOnFiber (node_modules\react-native\Libraries\Renderer\implementations\ReactFabric-dev.js)
  recursivelyTraverseLayoutEffects (node_modules\react-native\Libraries\Renderer\implementations\ReactFabric-dev.js)
  commitLayoutEffectOnFiber (node_modules\react-native\Libraries\Renderer\implementations\ReactFabric-dev.js)
  recursivelyTraverseLayoutEffects (node_modules\react-native\Libraries\Renderer\implementations\ReactFabric-dev.js)
  commitLayoutEffectOnFiber (node_modules\react-native\Libraries\Renderer\implementations\ReactFabric-dev.js)
  recursivelyTraverseLayoutEffects (node_modules\react-native\Libraries\Renderer\implementations\ReactFabric-dev.js)
  commitLayoutEffectOnFiber (node_modules\react-native\Libraries\Renderer\implementations\ReactFabric-dev.js)
  flushLayoutEffects (node_modules\react-native\Libraries\Renderer\implementations\ReactFabric-dev.js)
  commitRoot (node_modules\react-native\Libraries\Renderer\implementations\ReactFabric-dev.js)
  commitRootWhenReady (node_modules\react-native\Libraries\Renderer\implementations\ReactFabric-dev.js)
  performWorkOnRoot (node_modules\react-native\Libraries\Renderer\implementations\ReactFabric-dev.js)
  performSyncWorkOnRoot (node_modules\react-native\Libraries\Renderer\implementations\ReactFabric-dev.js)
  flushSyncWorkAcrossRoots_impl (node_modules\react-native\Libraries\Renderer\implementations\ReactFabric-dev.js)
  flushPassiveEffects (node_modules\react-native\Libraries\Renderer\implementations\ReactFabric-dev.js)
  scheduleCallback$argument_1 (node_modules\react-native\Libraries\Renderer\implementations\ReactFabric-dev.js) 

Call Stack
  anonymous (http:\10.0.2.2:8081\node_modules\expo-router\entry.bundle)
  <anonymous> (node_modules\expo-router\build\layouts\StackClient.js)
  RootLayout (app\_layout.tsx)
  BaseRoute (node_modules\expo-router\build\useScreens.js)
  <global> (node_modules\@react-navigation\core\lib\module\NavigationFocusedRouteStateContext.js)
  render (node_modules\@react-navigation\core\lib\module\useDescriptors.js)
  useDescriptors (node_modules\@react-navigation\core\lib\module\useDescriptors.js)
  reduce (<native>)
  useDescriptors (node_modules\@react-navigation\core\lib\module\useDescriptors.js)
  useNavigationBuilder (node_modules\@react-navigation\core\lib\module\useNavigationBuilder.js)
  onUnhandledAction (node_modules\expo-router\build\ExpoRoot.js)
  ContextNavigator (node_modules\expo-router\build\ExpoRoot.js)
  ContextNavigator (node_modules\expo-router\build\ExpoRoot.js)
  App (node_modules\expo-router\build\qualified-entry.js)
  WithDevTools (node_modules\expo\src\launch\withDevTools.tsx)
Android node_modules\expo-router\entry.js ░░░░░░░░░░░░░░░░  0.0% (0/1)
Android Bundled 42ms node_modules\expo-router\entry.js (1 module)
 ERROR  [Error: Maximum update depth exceeded. This can happen when a component repeatedly calls setState inside componentWillUpdate or componentDidUpdate. React limits the number of nested updates to prevent infinite loops.] 

Call Stack
  getRootForUpdatedFiber (node_modules\react-native\Libraries\Renderer\implementations\ReactFabric-dev.js)
  enqueueConcurrentRenderForLane (node_modules\react-native\Libraries\Renderer\implementations\ReactFabric-dev.js)
  forceStoreRerender (node_modules\react-native\Libraries\Renderer\implementations\ReactFabric-dev.js)
  subscribe$argument_0 (node_modules\react-native\Libraries\Renderer\implementations\ReactFabric-dev.js)
  listeners.forEach$argument_0 (node_modules\@react-navigation\core\lib\module\useSyncState.js)
  forEach (<native>)
  batchUpdates (node_modules\@react-navigation\core\lib\module\useSyncState.js)
  useLatestCallback$argument_0 (node_modules\@react-navigation\core\lib\module\useSyncState.js)
  apply (<native>)
  latestCallback (node_modules\use-latest-callback\lib\src\index.js)
  callCreate.reactStackBottomFrame (node_modules\react-native\Libraries\Renderer\implementations\ReactFabric-dev.js)
  runWithFiberInDEV (node_modules\react-native\Libraries\Renderer\implementations\ReactFabric-dev.js)
  commitHookEffectListMount (node_modules\react-native\Libraries\Renderer\implementations\ReactFabric-dev.js)
  commitHookLayoutEffects (node_modules\react-native\Libraries\Renderer\implementations\ReactFabric-dev.js)
  commitLayoutEffectOnFiber (node_modules\react-native\Libraries\Renderer\implementations\ReactFabric-dev.js)
  recursivelyTraverseLayoutEffects (node_modules\react-native\Libraries\Renderer\implementations\ReactFabric-dev.js)
  commitLayoutEffectOnFiber (node_modules\react-native\Libraries\Renderer\implementations\ReactFabric-dev.js)
  recursivelyTraverseLayoutEffects (node_modules\react-native\Libraries\Renderer\implementations\ReactFabric-dev.js)
  commitLayoutEffectOnFiber (node_modules\react-native\Libraries\Renderer\implementations\ReactFabric-dev.js)
  recursivelyTraverseLayoutEffects (node_modules\react-native\Libraries\Renderer\implementations\ReactFabric-dev.js)
  commitLayoutEffectOnFiber (node_modules\react-native\Libraries\Renderer\implementations\ReactFabric-dev.js)
  recursivelyTraverseLayoutEffects (node_modules\react-native\Libraries\Renderer\implementations\ReactFabric-dev.js)
  commitLayoutEffectOnFiber (node_modules\react-native\Libraries\Renderer\implementations\ReactFabric-dev.js)
  recursivelyTraverseLayoutEffects (node_modules\react-native\Libraries\Renderer\implementations\ReactFabric-dev.js)
  commitLayoutEffectOnFiber (node_modules\react-native\Libraries\Renderer\implementations\ReactFabric-dev.js)
  recursivelyTraverseLayoutEffects (node_modules\react-native\Libraries\Renderer\implementations\ReactFabric-dev.js)
  commitLayoutEffectOnFiber (node_modules\react-native\Libraries\Renderer\implementations\ReactFabric-dev.js)
  recursivelyTraverseLayoutEffects (node_modules\react-native\Libraries\Renderer\implementations\ReactFabric-dev.js)
  commitLayoutEffectOnFiber (node_modules\react-native\Libraries\Renderer\implementations\ReactFabric-dev.js)
  recursivelyTraverseLayoutEffects (node_modules\react-native\Libraries\Renderer\implementations\ReactFabric-dev.js)
  commitLayoutEffectOnFiber (node_modules\react-native\Libraries\Renderer\implementations\ReactFabric-dev.js)
  recursivelyTraverseLayoutEffects (node_modules\react-native\Libraries\Renderer\implementations\ReactFabric-dev.js)
  commitLayoutEffectOnFiber (node_modules\react-native\Libraries\Renderer\implementations\ReactFabric-dev.js)
  recursivelyTraverseLayoutEffects (node_modules\react-native\Libraries\Renderer\implementations\ReactFabric-dev.js)
  commitLayoutEffectOnFiber (node_modules\react-native\Libraries\Renderer\implementations\ReactFabric-dev.js)
  recursivelyTraverseLayoutEffects (node_modules\react-native\Libraries\Renderer\implementations\ReactFabric-dev.js)
  commitLayoutEffectOnFiber (node_modules\react-native\Libraries\Renderer\implementations\ReactFabric-dev.js)
  recursivelyTraverseLayoutEffects (node_modules\react-native\Libraries\Renderer\implementations\ReactFabric-dev.js)
  commitLayoutEffectOnFiber (node_modules\react-native\Libraries\Renderer\implementations\ReactFabric-dev.js)
  recursivelyTraverseLayoutEffects (node_modules\react-native\Libraries\Renderer\implementations\ReactFabric-dev.js)
  commitLayoutEffectOnFiber (node_modules\react-native\Libraries\Renderer\implementations\ReactFabric-dev.js)
  recursivelyTraverseLayoutEffects (node_modules\react-native\Libraries\Renderer\implementations\ReactFabric-dev.js)
  commitLayoutEffectOnFiber (node_modules\react-native\Libraries\Renderer\implementations\ReactFabric-dev.js)
  recursivelyTraverseLayoutEffects (node_modules\react-native\Libraries\Renderer\implementations\ReactFabric-dev.js)
  commitLayoutEffectOnFiber (node_modules\react-native\Libraries\Renderer\implementations\ReactFabric-dev.js)
  recursivelyTraverseLayoutEffects (node_modules\react-native\Libraries\Renderer\implementations\ReactFabric-dev.js)
  commitLayoutEffectOnFiber (node_modules\react-native\Libraries\Renderer\implementations\ReactFabric-dev.js)
  recursivelyTraverseLayoutEffects (node_modules\react-native\Libraries\Renderer\implementations\ReactFabric-dev.js)
  commitLayoutEffectOnFiber (node_modules\react-native\Libraries\Renderer\implementations\ReactFabric-dev.js)
  recursivelyTraverseLayoutEffects (node_modules\react-native\Libraries\Renderer\implementations\ReactFabric-dev.js)
  recursivelyTraverseLayoutEffects (node_modules\react-native\Libraries\Renderer\implementations\ReactFabric-dev.js)
  commitLayoutEffectOnFiber (node_modules\react-native\Libraries\Renderer\implementations\ReactFabric-dev.js)
  recursivelyTraverseLayoutEffects (node_modules\react-native\Libraries\Renderer\implementations\ReactFabric-dev.js)
  commitLayoutEffectOnFiber (node_modules\react-native\Libraries\Renderer\implementations\ReactFabric-dev.js)
  recursivelyTraverseLayoutEffects (node_modules\react-native\Libraries\Renderer\implementations\ReactFabric-dev.js)
  commitLayoutEffectOnFiber (node_modules\react-native\Libraries\Renderer\implementations\ReactFabric-dev.js)
  recursivelyTraverseLayoutEffects (node_modules\react-native\Libraries\Renderer\implementations\ReactFabric-dev.js)
  commitLayoutEffectOnFiber (node_modules\react-native\Libraries\Renderer\implementations\ReactFabric-dev.js)
  recursivelyTraverseLayoutEffects (node_modules\react-native\Libraries\Renderer\implementations\ReactFabric-dev.js)
  commitLayoutEffectOnFiber (node_modules\react-native\Libraries\Renderer\implementations\ReactFabric-dev.js)
  recursivelyTraverseLayoutEffects (node_modules\react-native\Libraries\Renderer\implementations\ReactFabric-dev.js)
  commitLayoutEffectOnFiber (node_modules\react-native\Libraries\Renderer\implementations\ReactFabric-dev.js)
  recursivelyTraverseLayoutEffects (node_modules\react-native\Libraries\Renderer\implementations\ReactFabric-dev.js)
  commitLayoutEffectOnFiber (node_modules\react-native\Libraries\Renderer\implementations\ReactFabric-dev.js)
  recursivelyTraverseLayoutEffects (node_modules\react-native\Libraries\Renderer\implementations\ReactFabric-dev.js)
  commitLayoutEffectOnFiber (node_modules\react-native\Libraries\Renderer\implementations\ReactFabric-dev.js)
  recursivelyTraverseLayoutEffects (node_modules\react-native\Libraries\Renderer\implementations\ReactFabric-dev.js)
  commitLayoutEffectOnFiber (node_modules\react-native\Libraries\Renderer\implementations\ReactFabric-dev.js)
  recursivelyTraverseLayoutEffects (node_modules\react-native\Libraries\Renderer\implementations\ReactFabric-dev.js)
  commitLayoutEffectOnFiber (node_modules\react-native\Libraries\Renderer\implementations\ReactFabric-dev.js)
  recursivelyTraverseLayoutEffects (node_modules\react-native\Libraries\Renderer\implementations\ReactFabric-dev.js)
  commitLayoutEffectOnFiber (node_modules\react-native\Libraries\Renderer\implementations\ReactFabric-dev.js)
  recursivelyTraverseLayoutEffects (node_modules\react-native\Libraries\Renderer\implementations\ReactFabric-dev.js)
  commitLayoutEffectOnFiber (node_modules\react-native\Libraries\Renderer\implementations\ReactFabric-dev.js)
  recursivelyTraverseLayoutEffects (node_modules\react-native\Libraries\Renderer\implementations\ReactFabric-dev.js)
  commitLayoutEffectOnFiber (node_modules\react-native\Libraries\Renderer\implementations\ReactFabric-dev.js)
  recursivelyTraverseLayoutEffects (node_modules\react-native\Libraries\Renderer\implementations\ReactFabric-dev.js)
  commitLayoutEffectOnFiber (node_modules\react-native\Libraries\Renderer\implementations\ReactFabric-dev.js)
  recursivelyTraverseLayoutEffects (node_modules\react-native\Libraries\Renderer\implementations\ReactFabric-dev.js)
  commitLayoutEffectOnFiber (node_modules\react-native\Libraries\Renderer\implementations\ReactFabric-dev.js)
  recursivelyTraverseLayoutEffects (node_modules\react-native\Libraries\Renderer\implementations\ReactFabric-dev.js)
  commitLayoutEffectOnFiber (node_modules\react-native\Libraries\Renderer\implementations\ReactFabric-dev.js)
  recursivelyTraverseLayoutEffects (node_modules\react-native\Libraries\Renderer\implementations\ReactFabric-dev.js)
  commitLayoutEffectOnFiber (node_modules\react-native\Libraries\Renderer\implementations\ReactFabric-dev.js)
  recursivelyTraverseLayoutEffects (node_modules\react-native\Libraries\Renderer\implementations\ReactFabric-dev.js)
  commitLayoutEffectOnFiber (node_modules\react-native\Libraries\Renderer\implementations\ReactFabric-dev.js)
  recursivelyTraverseLayoutEffects (node_modules\react-native\Libraries\Renderer\implementations\ReactFabric-dev.js)
  commitLayoutEffectOnFiber (node_modules\react-native\Libraries\Renderer\implementations\ReactFabric-dev.js)
  recursivelyTraverseLayoutEffects (node_modules\react-native\Libraries\Renderer\implementations\ReactFabric-dev.js)
  commitLayoutEffectOnFiber (node_modules\react-native\Libraries\Renderer\implementations\ReactFabric-dev.js)
  recursivelyTraverseLayoutEffects (node_modules\react-native\Libraries\Renderer\implementations\ReactFabric-dev.js)
  commitLayoutEffectOnFiber (node_modules\react-native\Libraries\Renderer\implementations\ReactFabric-dev.js)
  flushLayoutEffects (node_modules\react-native\Libraries\Renderer\implementations\ReactFabric-dev.js)
  commitRoot (node_modules\react-native\Libraries\Renderer\implementations\ReactFabric-dev.js)
  commitRootWhenReady (node_modules\react-native\Libraries\Renderer\implementations\ReactFabric-dev.js)
  performWorkOnRoot (node_modules\react-native\Libraries\Renderer\implementations\ReactFabric-dev.js)
  performSyncWorkOnRoot (node_modules\react-native\Libraries\Renderer\implementations\ReactFabric-dev.js)
  flushSyncWorkAcrossRoots_impl (node_modules\react-native\Libraries\Renderer\implementations\ReactFabric-dev.js)
  flushPassiveEffects (node_modules\react-native\Libraries\Renderer\implementations\ReactFabric-dev.js)
  scheduleCallback$argument_1 (node_modules\react-native\Libraries\Renderer\implementations\ReactFabric-dev.js) 

Call Stack
  <anonymous> (node_modules\expo-router\build\layouts\withLayoutContext.js)
  Object.assign$argument_0 (node_modules\expo-router\build\layouts\StackClient.js)
  RootLayout (app\_layout.tsx)
  BaseRoute (node_modules\expo-router\build\useScreens.js)
  SceneView (node_modules\@react-navigation\core\lib\module\SceneView.js)
  render (node_modules\@react-navigation\core\lib\module\useDescriptors.js)
  routes.reduce$argument_0 (node_modules\@react-navigation\core\lib\module\useDescriptors.js)
  reduce (<native>)
  useDescriptors (node_modules\@react-navigation\core\lib\module\useDescriptors.js)
  useNavigationBuilder (node_modules\@react-navigation\core\lib\module\useNavigationBuilder.js)
  Content (node_modules\expo-router\build\ExpoRoot.js)
  ContextNavigator (node_modules\expo-router\build\ExpoRoot.js)
  ExpoRoot (node_modules\expo-router\build\ExpoRoot.js)
  App (node_modules\expo-router\build\qualified-entry.js)
  WithDevTools (node_modules\expo\src\launch\withDevTools.tsx)
 ERROR  [Error: Maximum update depth exceeded. This can happen when a component repeatedly calls setState inside componentWillUpdate or componentDidUpdate. React limits the number of nested updates to prevent infinite loops.] 

Call Stack
  getRootForUpdatedFiber (node_modules\react-native\Libraries\Renderer\implementations\ReactFabric-dev.js)
  enqueueConcurrentRenderForLane (node_modules\react-native\Libraries\Renderer\implementations\ReactFabric-dev.js)
  forceStoreRerender (node_modules\react-native\Libraries\Renderer\implementations\ReactFabric-dev.js)
  subscribe$argument_0 (node_modules\react-native\Libraries\Renderer\implementations\ReactFabric-dev.js)
  createStore (node_modules\@react-navigation\core\lib\module\useSyncState.js)
  forEach (<native>)
  createStore (node_modules\@react-navigation\core\lib\module\useSyncState.js)
  store.batchUpdates$argument_0 (node_modules\@react-navigation\core\lib\module\useSyncState.js)
  apply (<native>)
  useLatestCallback (node_modules\use-latest-callback\lib\src\index.js)
  callCreate.reactStackBottomFrame (node_modules\react-native\Libraries\Renderer\implementations\ReactFabric-dev.js)
  runWithFiberInDEV (node_modules\react-native\Libraries\Renderer\implementations\ReactFabric-dev.js)
  commitHookEffectListMount (node_modules\react-native\Libraries\Renderer\implementations\ReactFabric-dev.js)
  commitHookLayoutEffects (node_modules\react-native\Libraries\Renderer\implementations\ReactFabric-dev.js)
  commitLayoutEffectOnFiber (node_modules\react-native\Libraries\Renderer\implementations\ReactFabric-dev.js)
  recursivelyTraverseLayoutEffects (node_modules\react-native\Libraries\Renderer\implementations\ReactFabric-dev.js)
  commitLayoutEffectOnFiber (node_modules\react-native\Libraries\Renderer\implementations\ReactFabric-dev.js)
  recursivelyTraverseLayoutEffects (node_modules\react-native\Libraries\Renderer\implementations\ReactFabric-dev.js)
  commitLayoutEffectOnFiber (node_modules\react-native\Libraries\Renderer\implementations\ReactFabric-dev.js)
  recursivelyTraverseLayoutEffects (node_modules\react-native\Libraries\Renderer\implementations\ReactFabric-dev.js)
  commitLayoutEffectOnFiber (node_modules\react-native\Libraries\Renderer\implementations\ReactFabric-dev.js)
  recursivelyTraverseLayoutEffects (node_modules\react-native\Libraries\Renderer\implementations\ReactFabric-dev.js)
  commitLayoutEffectOnFiber (node_modules\react-native\Libraries\Renderer\implementations\ReactFabric-dev.js)
  recursivelyTraverseLayoutEffects (node_modules\react-native\Libraries\Renderer\implementations\ReactFabric-dev.js)
  commitLayoutEffectOnFiber (node_modules\react-native\Libraries\Renderer\implementations\ReactFabric-dev.js)
  recursivelyTraverseLayoutEffects (node_modules\react-native\Libraries\Renderer\implementations\ReactFabric-dev.js)
  commitLayoutEffectOnFiber (node_modules\react-native\Libraries\Renderer\implementations\ReactFabric-dev.js)
  recursivelyTraverseLayoutEffects (node_modules\react-native\Libraries\Renderer\implementations\ReactFabric-dev.js)
  commitLayoutEffectOnFiber (node_modules\react-native\Libraries\Renderer\implementations\ReactFabric-dev.js)
  recursivelyTraverseLayoutEffects (node_modules\react-native\Libraries\Renderer\implementations\ReactFabric-dev.js)
  commitLayoutEffectOnFiber (node_modules\react-native\Libraries\Renderer\implementations\ReactFabric-dev.js)
  recursivelyTraverseLayoutEffects (node_modules\react-native\Libraries\Renderer\implementations\ReactFabric-dev.js)
  commitLayoutEffectOnFiber (node_modules\react-native\Libraries\Renderer\implementations\ReactFabric-dev.js)
  recursivelyTraverseLayoutEffects (node_modules\react-native\Libraries\Renderer\implementations\ReactFabric-dev.js)
  commitLayoutEffectOnFiber (node_modules\react-native\Libraries\Renderer\implementations\ReactFabric-dev.js)
  recursivelyTraverseLayoutEffects (node_modules\react-native\Libraries\Renderer\implementations\ReactFabric-dev.js)
  commitLayoutEffectOnFiber (node_modules\react-native\Libraries\Renderer\implementations\ReactFabric-dev.js)
  recursivelyTraverseLayoutEffects (node_modules\react-native\Libraries\Renderer\implementations\ReactFabric-dev.js)
  commitLayoutEffectOnFiber (node_modules\react-native\Libraries\Renderer\implementations\ReactFabric-dev.js)
  recursivelyTraverseLayoutEffects (node_modules\react-native\Libraries\Renderer\implementations\ReactFabric-dev.js)
  commitLayoutEffectOnFiber (node_modules\react-native\Libraries\Renderer\implementations\ReactFabric-dev.js)
  recursivelyTraverseLayoutEffects (node_modules\react-native\Libraries\Renderer\implementations\ReactFabric-dev.js)
  commitLayoutEffectOnFiber (node_modules\react-native\Libraries\Renderer\implementations\ReactFabric-dev.js)
  recursivelyTraverseLayoutEffects (node_modules\react-native\Libraries\Renderer\implementations\ReactFabric-dev.js)
  commitLayoutEffectOnFiber (node_modules\react-native\Libraries\Renderer\implementations\ReactFabric-dev.js)
  recursivelyTraverseLayoutEffects (node_modules\react-native\Libraries\Renderer\implementations\ReactFabric-dev.js)
  commitLayoutEffectOnFiber (node_modules\react-native\Libraries\Renderer\implementations\ReactFabric-dev.js)
  recursivelyTraverseLayoutEffects (node_modules\react-native\Libraries\Renderer\implementations\ReactFabric-dev.js)
  commitLayoutEffectOnFiber (node_modules\react-native\Libraries\Renderer\implementations\ReactFabric-dev.js)
  recursivelyTraverseLayoutEffects (node_modules\react-native\Libraries\Renderer\implementations\ReactFabric-dev.js)
  recursivelyTraverseLayoutEffects (node_modules\react-native\Libraries\Renderer\implementations\ReactFabric-dev.js)
  commitLayoutEffectOnFiber (node_modules\react-native\Libraries\Renderer\implementations\ReactFabric-dev.js)
  recursivelyTraverseLayoutEffects (node_modules\react-native\Libraries\Renderer\implementations\ReactFabric-dev.js)
  commitLayoutEffectOnFiber (node_modules\react-native\Libraries\Renderer\implementations\ReactFabric-dev.js)
  recursivelyTraverseLayoutEffects (node_modules\react-native\Libraries\Renderer\implementations\ReactFabric-dev.js)
  commitLayoutEffectOnFiber (node_modules\react-native\Libraries\Renderer\implementations\ReactFabric-dev.js)
  recursivelyTraverseLayoutEffects (node_modules\react-native\Libraries\Renderer\implementations\ReactFabric-dev.js)
  commitLayoutEffectOnFiber (node_modules\react-native\Libraries\Renderer\implementations\ReactFabric-dev.js)
  recursivelyTraverseLayoutEffects (node_modules\react-native\Libraries\Renderer\implementations\ReactFabric-dev.js)
  commitLayoutEffectOnFiber (node_modules\react-native\Libraries\Renderer\implementations\ReactFabric-dev.js)
  recursivelyTraverseLayoutEffects (node_modules\react-native\Libraries\Renderer\implementations\ReactFabric-dev.js)
  commitLayoutEffectOnFiber (node_modules\react-native\Libraries\Renderer\implementations\ReactFabric-dev.js)
  recursivelyTraverseLayoutEffects (node_modules\react-native\Libraries\Renderer\implementations\ReactFabric-dev.js)
  commitLayoutEffectOnFiber (node_modules\react-native\Libraries\Renderer\implementations\ReactFabric-dev.js)
  recursivelyTraverseLayoutEffects (node_modules\react-native\Libraries\Renderer\implementations\ReactFabric-dev.js)
  commitLayoutEffectOnFiber (node_modules\react-native\Libraries\Renderer\implementations\ReactFabric-dev.js)
  recursivelyTraverseLayoutEffects (node_modules\react-native\Libraries\Renderer\implementations\ReactFabric-dev.js)
  commitLayoutEffectOnFiber (node_modules\react-native\Libraries\Renderer\implementations\ReactFabric-dev.js)
  recursivelyTraverseLayoutEffects (node_modules\react-native\Libraries\Renderer\implementations\ReactFabric-dev.js)
  commitLayoutEffectOnFiber (node_modules\react-native\Libraries\Renderer\implementations\ReactFabric-dev.js)
  recursivelyTraverseLayoutEffects (node_modules\react-native\Libraries\Renderer\implementations\ReactFabric-dev.js)
  commitLayoutEffectOnFiber (node_modules\react-native\Libraries\Renderer\implementations\ReactFabric-dev.js)
  recursivelyTraverseLayoutEffects (node_modules\react-native\Libraries\Renderer\implementations\ReactFabric-dev.js)
  commitLayoutEffectOnFiber (node_modules\react-native\Libraries\Renderer\implementations\ReactFabric-dev.js)
  recursivelyTraverseLayoutEffects (node_modules\react-native\Libraries\Renderer\implementations\ReactFabric-dev.js)
  commitLayoutEffectOnFiber (node_modules\react-native\Libraries\Renderer\implementations\ReactFabric-dev.js)
  recursivelyTraverseLayoutEffects (node_modules\react-native\Libraries\Renderer\implementations\ReactFabric-dev.js)
  commitLayoutEffectOnFiber (node_modules\react-native\Libraries\Renderer\implementations\ReactFabric-dev.js)
  recursivelyTraverseLayoutEffects (node_modules\react-native\Libraries\Renderer\implementations\ReactFabric-dev.js)
  commitLayoutEffectOnFiber (node_modules\react-native\Libraries\Renderer\implementations\ReactFabric-dev.js)
  recursivelyTraverseLayoutEffects (node_modules\react-native\Libraries\Renderer\implementations\ReactFabric-dev.js)
  commitLayoutEffectOnFiber (node_modules\react-native\Libraries\Renderer\implementations\ReactFabric-dev.js)
  recursivelyTraverseLayoutEffects (node_modules\react-native\Libraries\Renderer\implementations\ReactFabric-dev.js)
  commitLayoutEffectOnFiber (node_modules\react-native\Libraries\Renderer\implementations\ReactFabric-dev.js)
  recursivelyTraverseLayoutEffects (node_modules\react-native\Libraries\Renderer\implementations\ReactFabric-dev.js)
  commitLayoutEffectOnFiber (node_modules\react-native\Libraries\Renderer\implementations\ReactFabric-dev.js)
  recursivelyTraverseLayoutEffects (node_modules\react-native\Libraries\Renderer\implementations\ReactFabric-dev.js)
  commitLayoutEffectOnFiber (node_modules\react-native\Libraries\Renderer\implementations\ReactFabric-dev.js)
  recursivelyTraverseLayoutEffects (node_modules\react-native\Libraries\Renderer\implementations\ReactFabric-dev.js)
  commitLayoutEffectOnFiber (node_modules\react-native\Libraries\Renderer\implementations\ReactFabric-dev.js)
  recursivelyTraverseLayoutEffects (node_modules\react-native\Libraries\Renderer\implementations\ReactFabric-dev.js)
  commitLayoutEffectOnFiber (node_modules\react-native\Libraries\Renderer\implementations\ReactFabric-dev.js)
  flushLayoutEffects (node_modules\react-native\Libraries\Renderer\implementations\ReactFabric-dev.js)
  commitRoot (node_modules\react-native\Libraries\Renderer\implementations\ReactFabric-dev.js)
  commitRootWhenReady (node_modules\react-native\Libraries\Renderer\implementations\ReactFabric-dev.js)
  performWorkOnRoot (node_modules\react-native\Libraries\Renderer\implementations\ReactFabric-dev.js)
  performSyncWorkOnRoot (node_modules\react-native\Libraries\Renderer\implementations\ReactFabric-dev.js)
  flushSyncWorkAcrossRoots_impl (node_modules\react-native\Libraries\Renderer\implementations\ReactFabric-dev.js)
  flushPassiveEffects (node_modules\react-native\Libraries\Renderer\implementations\ReactFabric-dev.js)
  scheduleCallback$argument_1 (node_modules\react-native\Libraries\Renderer\implementations\ReactFabric-dev.js) 

Call Stack
  Slot (node_modules\expo-router\build\views\Navigator.js)
  RootLayout (app\_layout.tsx)
  BaseRoute (node_modules\expo-router\build\useScreens.js)
  SceneView (node_modules\@react-navigation\core\lib\module\SceneView.js)
  render (node_modules\@react-navigation\core\lib\module\useDescriptors.js)
  routes.reduce$argument_0 (node_modules\@react-navigation\core\lib\module\useDescriptors.js)
  reduce (<native>)
  routes.reduce$argument_0 (node_modules\@react-navigation\core\lib\module\useDescriptors.js)
  useNavigationBuilder (node_modules\@react-navigation\core\lib\module\useNavigationBuilder.js)
  Content (node_modules\expo-router\build\ExpoRoot.js)
  ContextNavigator (node_modules\expo-router\build\ExpoRoot.js)
  ExpoRoot (node_modules\expo-router\build\ExpoRoot.js)
  App (node_modules\expo-router\build\qualified-entry.js)
  WithDevTools (node_modules\expo\src\launch\withDevTools.tsx)
Android node_modules\expo-router\entry.js ░░░░░░░░░░░░░░░░  0.0% (0/1)
Android Bundled 51ms node_modules\expo-router\entry.js (1 module)
 ERROR  [Error: Maximum update depth exceeded. This can happen when a component repeatedly calls setState inside componentWillUpdate or componentDidUpdate. React limits the number of nested updates to prevent infinite loops.] 

Call Stack
  getRootForUpdatedFiber (node_modules\react-native\Libraries\Renderer\implementations\ReactFabric-dev.js)
  enqueueConcurrentRenderForLane (node_modules\react-native\Libraries\Renderer\implementations\ReactFabric-dev.js)
  forceStoreRerender (node_modules\react-native\Libraries\Renderer\implementations\ReactFabric-dev.js)
  subscribe$argument_0 (node_modules\react-native\Libraries\Renderer\implementations\ReactFabric-dev.js)
  listeners.forEach$argument_0 (node_modules\@react-navigation\core\lib\module\useSyncState.js)
  forEach (<native>)
  batchUpdates (node_modules\@react-navigation\core\lib\module\useSyncState.js)
  useLatestCallback$argument_0 (node_modules\@react-navigation\core\lib\module\useSyncState.js)
  apply (<native>)
  latestCallback (node_modules\use-latest-callback\lib\src\index.js)
  callCreate.reactStackBottomFrame (node_modules\react-native\Libraries\Renderer\implementations\ReactFabric-dev.js)
  runWithFiberInDEV (node_modules\react-native\Libraries\Renderer\implementations\ReactFabric-dev.js)
  commitHookEffectListMount (node_modules\react-native\Libraries\Renderer\implementations\ReactFabric-dev.js)
  commitHookLayoutEffects (node_modules\react-native\Libraries\Renderer\implementations\ReactFabric-dev.js)
  commitLayoutEffectOnFiber (node_modules\react-native\Libraries\Renderer\implementations\ReactFabric-dev.js)
  recursivelyTraverseLayoutEffects (node_modules\react-native\Libraries\Renderer\implementations\ReactFabric-dev.js)
  commitLayoutEffectOnFiber (node_modules\react-native\Libraries\Renderer\implementations\ReactFabric-dev.js)
  recursivelyTraverseLayoutEffects (node_modules\react-native\Libraries\Renderer\implementations\ReactFabric-dev.js)
  commitLayoutEffectOnFiber (node_modules\react-native\Libraries\Renderer\implementations\ReactFabric-dev.js)
  recursivelyTraverseLayoutEffects (node_modules\react-native\Libraries\Renderer\implementations\ReactFabric-dev.js)
  commitLayoutEffectOnFiber (node_modules\react-native\Libraries\Renderer\implementations\ReactFabric-dev.js)
  recursivelyTraverseLayoutEffects (node_modules\react-native\Libraries\Renderer\implementations\ReactFabric-dev.js)
  commitLayoutEffectOnFiber (node_modules\react-native\Libraries\Renderer\implementations\ReactFabric-dev.js)
  recursivelyTraverseLayoutEffects (node_modules\react-native\Libraries\Renderer\implementations\ReactFabric-dev.js)
  commitLayoutEffectOnFiber (node_modules\react-native\Libraries\Renderer\implementations\ReactFabric-dev.js)
  recursivelyTraverseLayoutEffects (node_modules\react-native\Libraries\Renderer\implementations\ReactFabric-dev.js)
  commitLayoutEffectOnFiber (node_modules\react-native\Libraries\Renderer\implementations\ReactFabric-dev.js)
  recursivelyTraverseLayoutEffects (node_modules\react-native\Libraries\Renderer\implementations\ReactFabric-dev.js)
  commitLayoutEffectOnFiber (node_modules\react-native\Libraries\Renderer\implementations\ReactFabric-dev.js)
  recursivelyTraverseLayoutEffects (node_modules\react-native\Libraries\Renderer\implementations\ReactFabric-dev.js)
  commitLayoutEffectOnFiber (node_modules\react-native\Libraries\Renderer\implementations\ReactFabric-dev.js)
  recursivelyTraverseLayoutEffects (node_modules\react-native\Libraries\Renderer\implementations\ReactFabric-dev.js)
  commitLayoutEffectOnFiber (node_modules\react-native\Libraries\Renderer\implementations\ReactFabric-dev.js)
  recursivelyTraverseLayoutEffects (node_modules\react-native\Libraries\Renderer\implementations\ReactFabric-dev.js)
  commitLayoutEffectOnFiber (node_modules\react-native\Libraries\Renderer\implementations\ReactFabric-dev.js)
  recursivelyTraverseLayoutEffects (node_modules\react-native\Libraries\Renderer\implementations\ReactFabric-dev.js)
  commitLayoutEffectOnFiber (node_modules\react-native\Libraries\Renderer\implementations\ReactFabric-dev.js)
  recursivelyTraverseLayoutEffects (node_modules\react-native\Libraries\Renderer\implementations\ReactFabric-dev.js)
  commitLayoutEffectOnFiber (node_modules\react-native\Libraries\Renderer\implementations\ReactFabric-dev.js)
  recursivelyTraverseLayoutEffects (node_modules\react-native\Libraries\Renderer\implementations\ReactFabric-dev.js)
  commitLayoutEffectOnFiber (node_modules\react-native\Libraries\Renderer\implementations\ReactFabric-dev.js)
  recursivelyTraverseLayoutEffects (node_modules\react-native\Libraries\Renderer\implementations\ReactFabric-dev.js)
  commitLayoutEffectOnFiber (node_modules\react-native\Libraries\Renderer\implementations\ReactFabric-dev.js)
  recursivelyTraverseLayoutEffects (node_modules\react-native\Libraries\Renderer\implementations\ReactFabric-dev.js)
  commitLayoutEffectOnFiber (node_modules\react-native\Libraries\Renderer\implementations\ReactFabric-dev.js)
  recursivelyTraverseLayoutEffects (node_modules\react-native\Libraries\Renderer\implementations\ReactFabric-dev.js)
  commitLayoutEffectOnFiber (node_modules\react-native\Libraries\Renderer\implementations\ReactFabric-dev.js)
  recursivelyTraverseLayoutEffects (node_modules\react-native\Libraries\Renderer\implementations\ReactFabric-dev.js)
  commitLayoutEffectOnFiber (node_modules\react-native\Libraries\Renderer\implementations\ReactFabric-dev.js)
  recursivelyTraverseLayoutEffects (node_modules\react-native\Libraries\Renderer\implementations\ReactFabric-dev.js)
  recursivelyTraverseLayoutEffects (node_modules\react-native\Libraries\Renderer\implementations\ReactFabric-dev.js)
  commitLayoutEffectOnFiber (node_modules\react-native\Libraries\Renderer\implementations\ReactFabric-dev.js)
  recursivelyTraverseLayoutEffects (node_modules\react-native\Libraries\Renderer\implementations\ReactFabric-dev.js)
  commitLayoutEffectOnFiber (node_modules\react-native\Libraries\Renderer\implementations\ReactFabric-dev.js)
  recursivelyTraverseLayoutEffects (node_modules\react-native\Libraries\Renderer\implementations\ReactFabric-dev.js)
  commitLayoutEffectOnFiber (node_modules\react-native\Libraries\Renderer\implementations\ReactFabric-dev.js)
  recursivelyTraverseLayoutEffects (node_modules\react-native\Libraries\Renderer\implementations\ReactFabric-dev.js)
  commitLayoutEffectOnFiber (node_modules\react-native\Libraries\Renderer\implementations\ReactFabric-dev.js)
  recursivelyTraverseLayoutEffects (node_modules\react-native\Libraries\Renderer\implementations\ReactFabric-dev.js)
  commitLayoutEffectOnFiber (node_modules\react-native\Libraries\Renderer\implementations\ReactFabric-dev.js)
  recursivelyTraverseLayoutEffects (node_modules\react-native\Libraries\Renderer\implementations\ReactFabric-dev.js)
  commitLayoutEffectOnFiber (node_modules\react-native\Libraries\Renderer\implementations\ReactFabric-dev.js)
  recursivelyTraverseLayoutEffects (node_modules\react-native\Libraries\Renderer\implementations\ReactFabric-dev.js)
  commitLayoutEffectOnFiber (node_modules\react-native\Libraries\Renderer\implementations\ReactFabric-dev.js)
  recursivelyTraverseLayoutEffects (node_modules\react-native\Libraries\Renderer\implementations\ReactFabric-dev.js)
  commitLayoutEffectOnFiber (node_modules\react-native\Libraries\Renderer\implementations\ReactFabric-dev.js)
  recursivelyTraverseLayoutEffects (node_modules\react-native\Libraries\Renderer\implementations\ReactFabric-dev.js)
  commitLayoutEffectOnFiber (node_modules\react-native\Libraries\Renderer\implementations\ReactFabric-dev.js)
  recursivelyTraverseLayoutEffects (node_modules\react-native\Libraries\Renderer\implementations\ReactFabric-dev.js)
  commitLayoutEffectOnFiber (node_modules\react-native\Libraries\Renderer\implementations\ReactFabric-dev.js)
  recursivelyTraverseLayoutEffects (node_modules\react-native\Libraries\Renderer\implementations\ReactFabric-dev.js)
  commitLayoutEffectOnFiber (node_modules\react-native\Libraries\Renderer\implementations\ReactFabric-dev.js)
  recursivelyTraverseLayoutEffects (node_modules\react-native\Libraries\Renderer\implementations\ReactFabric-dev.js)
  commitLayoutEffectOnFiber (node_modules\react-native\Libraries\Renderer\implementations\ReactFabric-dev.js)
  recursivelyTraverseLayoutEffects (node_modules\react-native\Libraries\Renderer\implementations\ReactFabric-dev.js)
  commitLayoutEffectOnFiber (node_modules\react-native\Libraries\Renderer\implementations\ReactFabric-dev.js)
  recursivelyTraverseLayoutEffects (node_modules\react-native\Libraries\Renderer\implementations\ReactFabric-dev.js)
  commitLayoutEffectOnFiber (node_modules\react-native\Libraries\Renderer\implementations\ReactFabric-dev.js)
  recursivelyTraverseLayoutEffects (node_modules\react-native\Libraries\Renderer\implementations\ReactFabric-dev.js)
  commitLayoutEffectOnFiber (node_modules\react-native\Libraries\Renderer\implementations\ReactFabric-dev.js)
  recursivelyTraverseLayoutEffects (node_modules\react-native\Libraries\Renderer\implementations\ReactFabric-dev.js)
  commitLayoutEffectOnFiber (node_modules\react-native\Libraries\Renderer\implementations\ReactFabric-dev.js)
  recursivelyTraverseLayoutEffects (node_modules\react-native\Libraries\Renderer\implementations\ReactFabric-dev.js)
  commitLayoutEffectOnFiber (node_modules\react-native\Libraries\Renderer\implementations\ReactFabric-dev.js)
  recursivelyTraverseLayoutEffects (node_modules\react-native\Libraries\Renderer\implementations\ReactFabric-dev.js)
  commitLayoutEffectOnFiber (node_modules\react-native\Libraries\Renderer\implementations\ReactFabric-dev.js)
  recursivelyTraverseLayoutEffects (node_modules\react-native\Libraries\Renderer\implementations\ReactFabric-dev.js)
  commitLayoutEffectOnFiber (node_modules\react-native\Libraries\Renderer\implementations\ReactFabric-dev.js)
  recursivelyTraverseLayoutEffects (node_modules\react-native\Libraries\Renderer\implementations\ReactFabric-dev.js)
  commitLayoutEffectOnFiber (node_modules\react-native\Libraries\Renderer\implementations\ReactFabric-dev.js)
  recursivelyTraverseLayoutEffects (node_modules\react-native\Libraries\Renderer\implementations\ReactFabric-dev.js)
  commitLayoutEffectOnFiber (node_modules\react-native\Libraries\Renderer\implementations\ReactFabric-dev.js)
  flushLayoutEffects (node_modules\react-native\Libraries\Renderer\implementations\ReactFabric-dev.js)
  commitRoot (node_modules\react-native\Libraries\Renderer\implementations\ReactFabric-dev.js)
  commitRootWhenReady (node_modules\react-native\Libraries\Renderer\implementations\ReactFabric-dev.js)
  performWorkOnRoot (node_modules\react-native\Libraries\Renderer\implementations\ReactFabric-dev.js)
  performSyncWorkOnRoot (node_modules\react-native\Libraries\Renderer\implementations\ReactFabric-dev.js)
  flushSyncWorkAcrossRoots_impl (node_modules\react-native\Libraries\Renderer\implementations\ReactFabric-dev.js)
  flushPassiveEffects (node_modules\react-native\Libraries\Renderer\implementations\ReactFabric-dev.js)
  scheduleCallback$argument_1 (node_modules\react-native\Libraries\Renderer\implementations\ReactFabric-dev.js) 

Call Stack
  Slot (node_modules\expo-router\build\views\Navigator.js)
  RootLayout (app\_layout.tsx)
  BaseRoute (node_modules\expo-router\build\useScreens.js)
  SceneView (node_modules\@react-navigation\core\lib\module\SceneView.js)
  render (node_modules\@react-navigation\core\lib\module\useDescriptors.js)
  routes.reduce$argument_0 (node_modules\@react-navigation\core\lib\module\useDescriptors.js)
  reduce (<native>)
  useDescriptors (node_modules\@react-navigation\core\lib\module\useDescriptors.js)
  useNavigationBuilder (node_modules\@react-navigation\core\lib\module\useNavigationBuilder.js)
  Content (node_modules\expo-router\build\ExpoRoot.js)
  ContextNavigator (node_modules\expo-router\build\ExpoRoot.js)
  ExpoRoot (node_modules\expo-router\build\ExpoRoot.js)
  App (node_modules\expo-router\build\qualified-entry.js)
  WithDevTools (node_modules\expo\src\launch\withDevTools.tsx)
Android node_modules\expo-router\entry.js ░░░░░░░░░░░░░░░░  0.0% (0/1)
Android Bundled 46ms node_modules\expo-router\entry.js (1 module)
