Starting project at C:\Users\david\Documents\Playground\atlas
Starting Metro Bundler
warning: Bundler cache is empty, rebuilding (this may take a minute)
Waiting on http://localhost:8081
Logs for your project will appear below.
Android node_modules\expo-router\entry.js ░░░░░░░░░░░░░░░░  0.0% (0/1)
Android Bundled 49ms node_modules\expo-router\entry.js (1 module)
Android src\lib\database\index.ts ░░░░░░░░░░░░░░░░  0.0% (0/1)
Android Bundled 172ms src\lib\database\index.ts (658 modules)
Android node_modules\expo-file-system\src\index.ts ░░░░░░░░░░░░░░░░  0.0% (0/1)
Android Bundled 207ms node_modules\expo-file-system\src\index.ts (421 modules)
Android Bundled 133ms node_modules\expo-sharing\build\Sharing.js (594 modules)
Android src\features\inventory\service.ts ░░░░░░░░░░░░░░░░  0.0% (0/1)
Android Bundled 155ms src\features\inventory\service.ts (669 modules)
Android Bundled 141ms src\features\day-loop\service.ts (790 modules)
Android node_modules\expo-router\entry.js ░░░░░░░░░░░░░░░░  0.0% (0/1)
Android Bundled 45ms node_modules\expo-router\entry.js (1 module)
Android src\lib\database\index.ts ░░░░░░░░░░░░░░░░  0.0% (0/1)
Android Bundled 15ms src\lib\database\index.ts (1 module)
Android src\features\inventory\service.ts ░░░░░░░░░░░░░░░░  0.0% (0/1)
Android Bundled 23ms src\features\inventory\service.ts (1 module)
Android Bundled 16ms src\features\day-loop\service.ts (1 module)
Android node_modules\expo-router\entry.js ░░░░░░░░░░░░░░░░  0.0% (0/1)
Android Bundled 41ms node_modules\expo-router\entry.js (1 module)
Android src\lib\database\index.ts ░░░░░░░░░░░░░░░░  0.0% (0/1)
Android Bundled 21ms src\lib\database\index.ts (1 module)
Android src\features\inventory\service.ts ░░░░░░░░░░░░░░░░  0.0% (0/1)
Android Bundled 14ms src\features\inventory\service.ts (1 module)
Android Bundled 18ms src\features\day-loop\service.ts (1 module)
Android node_modules\expo-router\entry.js ░░░░░░░░░░░░░░░░  0.0% (0/1)
Android Bundled 44ms node_modules\expo-router\entry.js (1 module)
Android src\lib\database\index.ts ░░░░░░░░░░░░░░░░  0.0% (0/1)
Android Bundled 14ms src\lib\database\index.ts (1 module)
Android src\features\inventory\service.ts ░░░░░░░░░░░░░░░░  0.0% (0/1)
Android Bundled 15ms src\features\inventory\service.ts (1 module)
Android Bundled 13ms src\features\day-loop\service.ts (1 module)
Android node_modules\expo-router\entry.js ░░░░░░░░░░░░░░░░  0.0% (0/1)
Android Bundled 40ms node_modules\expo-router\entry.js (1 module)
Android src\lib\database\index.ts ░░░░░░░░░░░░░░░░  0.0% (0/1)
Android Bundled 15ms src\lib\database\index.ts (1 module)
Android src\features\inventory\service.ts ░░░░░░░░░░░░░░░░  0.0% (0/1)
Android Bundled 17ms src\features\inventory\service.ts (1 module)
Android Bundled 14ms src\features\day-loop\service.ts (1 module)
Android node_modules\expo-file-system\src\index.ts ░░░░░░░░░░░░░░░░  0.0% (0/1)
Android Bundled 12ms node_modules\expo-file-system\src\index.ts (1 module)
Android Bundled 13ms node_modules\expo-sharing\build\Sharing.js (1 module)
Android node_modules\expo-router\entry.js ░░░░░░░░░░░░░░░░  0.0% (0/1)
Android Bundled 42ms node_modules\expo-router\entry.js (1 module)
Android src\lib\database\index.ts ░░░░░░░░░░░░░░░░  0.0% (0/1)
Android Bundled 14ms src\lib\database\index.ts (1 module)
Android src\features\inventory\service.ts ░░░░░░░░░░░░░░░░  0.0% (0/1)
Android Bundled 16ms src\features\inventory\service.ts (1 module)
Android Bundled 14ms src\features\day-loop\service.ts (1 module)
Android node_modules\expo-router\entry.js ░░░░░░░░░░░░░░░░  0.0% (0/1)
Android Bundled 46ms node_modules\expo-router\entry.js (1 module)
Android src\lib\database\index.ts ░░░░░░░░░░░░░░░░  0.0% (0/1)
Android Bundled 14ms src\lib\database\index.ts (1 module)
Android node_modules\expo-router\entry.js ░░░░░░░░░░░░░░░░  0.0% (0/1)
Android Bundled 57ms node_modules\expo-router\entry.js (1 module)
